  0.000474890516117607  0.000474890516117607  0.000474890516117607  0.000474890516117607  0.000474890516117607  0.000474890516117607  0.000474890516117607  0.000474890516117607  0.000474890516117607  0.000474890516117607  0.000474890516117607  0.000474890516117607  0.000474890516117607  0.000474890516117607  0.000474890516117607  0.000474890516117607  0.000474890516117607  1.263730180754014e-13  1.263730180754014e-13  1.263730180754014e-13  1.263730180754014e-13  1.263730180754014e-13  1.263730180754014e-13  1.263730180754014e-13  1.263730180754014e-13  1.263730180754014e-13  1.263730180754014e-13  1.263730180754014e-13  1.263730180754014e-13  1.263730180754014e-13  1.263730180754014e-13  1.263730180754014e-13  1.263730180754014e-13  1.263730180754014e-13  1.263730180754014e-13  1.263730180754014e-13  1.263730180754014e-13  1.263730180754014e-13  1.263730180754014e-13  1.263730180754014e-13  1.263730180754014e-13  1.263730180754014e-13  1.263730180754014e-13  1.263730180754014e-13  1.263730180754014e-13  1.263730180754014e-13  1.263730180754014e-13  1.263730180754014e-13  1.263730180754014e-13  1.263730180754014e-13  1.263730180754014e-13  1.263730180754014e-13  1.263730180754014e-13  1.263730180754014e-13  1.263730180754014e-13  1.263730180754014e-13  1.263730180754014e-13  1.263730180754014e-13  1.263730180754014e-13  1.263730180754014e-13  1.263730180754014e-13  1.263730180754014e-13  1.263730180754014e-13  1.263730180754014e-13  1.263730180754014e-13  1.263730180754014e-13  1.263730180754014e-13  1.263730180754014e-13  1.263730180754014e-13  1.263730180754014e-13  1.263730180754014e-13  1.263730180754014e-13  1.263730180754014e-13  1.263730180754014e-13  1.263730180754014e-13  1.263730180754014e-13  1.263730180754014e-13  1.263730180754014e-13  1.263730180754014e-13  1.263730180754014e-13  1.263730180754014e-13  1.263730180754014e-13  1.263730180754014e-13  1.263730180754014e-13  1.263730180754014e-13  1.484994336961238e-15  1.484994336961238e-15  1.484994336961238e-15  1.484994336961238e-15  1.484994336961238e-15  1.484994336961238e-15  1.484994336961238e-15  1.484994336961238e-15  1.484994336961238e-15  1.484994336961238e-15  1.484994336961238e-15  1.484994336961238e-15  1.484994336961238e-15  1.484994336961238e-15  1.484994336961238e-15